
 line       object           ucode  source program

   1    (35  105    2)     main       proc    105     2       2
   2    (38    2    1)                sym     2       1       100
   3    (38    2  101)                sym     2       101     1
   4    (38    2  102)                sym     2       102     1
   5    (38    2  103)                sym     2       103     1
   6    (38    2  104)                sym     2       104     1
   7    (38    2  105)                sym     2       105     1
   8    (20    1     )                ldc     1
   9    (24    2  103)                str     2       103
  10    (23          )                ldp
  11    (21    2  101)                lda     2       101
  12    (29   -1     )                call    read
  13    (34          )     $$0        nop
  14    (19    2  101)                lod     2       101
  15    (20    0     )                ldc     0
  16    (18          )                ne
  17    (28   30     )                fjp     $$1
  18    (19    2  103)                lod     2       103
  19    (21    2    1)                lda     2       1
  20    ( 6          )                add
  21    (19    2  101)                lod     2       101
  22    (25          )                sti
  23    (19    2  103)                lod     2       103
  24    ( 2          )                inc
  25    (24    2  103)                str     2       103
  26    (23          )                ldp
  27    (21    2  101)                lda     2       101
  28    (29   -1     )                call    read
  29    (26   13     )                ujp     $$0
  30    (34          )     $$1        nop
  31    (19    2  103)                lod     2       103
  32    (20    1     )                ldc     1
  33    ( 7          )                sub
  34    (24    2  102)                str     2       102
  35    (19    2  102)                lod     2       102
  36    (24    2  104)                str     2       104
  37    (34          )     $$2        nop
  38    (19    2  104)                lod     2       104
  39    (20    1     )                ldc     1
  40    (13          )                gt
  41    (28   93     )                fjp     $$3
  42    (20    1     )                ldc     1
  43    (24    2  103)                str     2       103
  44    (34          )     $$4        nop
  45    (19    2  103)                lod     2       103
  46    (19    2  104)                lod     2       104
  47    (14          )                lt
  48    (28   88     )                fjp     $$5
  49    (19    2  103)                lod     2       103
  50    (21    2    1)                lda     2       1
  51    ( 6          )                add
  52    (22          )                ldi
  53    (19    2  103)                lod     2       103
  54    (20    1     )                ldc     1
  55    ( 6          )                add
  56    (21    2    1)                lda     2       1
  57    ( 6          )                add
  58    (22          )                ldi
  59    (13          )                gt
  60    (28   83     )                fjp     $$6
  61    (19    2  103)                lod     2       103
  62    (21    2    1)                lda     2       1
  63    ( 6          )                add
  64    (22          )                ldi
  65    (24    2  105)                str     2       105
  66    (19    2  103)                lod     2       103
  67    (21    2    1)                lda     2       1
  68    ( 6          )                add
  69    (19    2  103)                lod     2       103
  70    (20    1     )                ldc     1
  71    ( 6          )                add
  72    (21    2    1)                lda     2       1
  73    ( 6          )                add
  74    (22          )                ldi
  75    (25          )                sti
  76    (19    2  103)                lod     2       103
  77    (20    1     )                ldc     1
  78    ( 6          )                add
  79    (21    2    1)                lda     2       1
  80    ( 6          )                add
  81    (19    2  105)                lod     2       105
  82    (25          )                sti
  83    (34          )     $$6        nop
  84    (19    2  103)                lod     2       103
  85    ( 2          )                inc
  86    (24    2  103)                str     2       103
  87    (26   44     )                ujp     $$4
  88    (34          )     $$5        nop
  89    (19    2  104)                lod     2       104
  90    ( 3          )                dec
  91    (24    2  104)                str     2       104
  92    (26   37     )                ujp     $$2
  93    (34          )     $$3        nop
  94    (20    1     )                ldc     1
  95    (24    2  103)                str     2       103
  96    (34          )     $$7        nop
  97    (19    2  103)                lod     2       103
  98    (19    2  102)                lod     2       102
  99    (16          )                le
 100    (28  111     )                fjp     $$8
 101    (23          )                ldp
 102    (19    2  103)                lod     2       103
 103    (21    2    1)                lda     2       1
 104    ( 6          )                add
 105    (22          )                ldi
 106    (29   -2     )                call    write
 107    (19    2  103)                lod     2       103
 108    ( 2          )                inc
 109    (24    2  103)                str     2       103
 110    (26   96     )                ujp     $$7
 111    (34          )     $$8        nop
 112    (30          )                ret
 113    (36          )                end
 114    (37    0     )                bgn     0
 115    (23          )                ldp
 116    (29    1     )                call    main
 117    (36          )                end



   ****    Result    ****


 1 2 3 4 5

   **********************




                 #### Statistics ####


    ****  Static Instruction Counts  ****


inc    =  3       dec    =  1       add    =  11      sub    =  1       
gt     =  2       lt     =  1       le     =  1       ne     =  1       
lod    =  22      ldc    =  9       lda    =  10      ldi    =  5       
ldp    =  4       str    =  10      sti    =  3       ujp    =  4       
fjp    =  5       call   =  4       ret    =  1       nop    =  9       
proc   =  1       end    =  2       bgn    =  1       sym    =  6       



  ****  Dynamic instruction counts  ****


inc    =  20        dec    =  4         add    =  100       sub    =  1         
gt     =  15        lt     =  14        le     =  6         ne     =  6         
lod    =  162       ldc    =  48        lda    =  76        ldi    =  45        
ldp    =  12        str    =  42        sti    =  25        ujp    =  24        
fjp    =  41        call   =  12        ret    =  1         nop    =  48        
proc   =  1         end    =  1         bgn    =  1         sym    =  6         


 Executable instruction count  =   655

 Total execution cycle         =   5384
